// Jest Snapshot v1, https://goo.gl/fbAQLP

exports[`Header HOC component match expected snapshot 1`] = `
<HeaderPure
  navigationLinkArray={Array []}
  styles={
    Object {
      ".default-Header-header.shrinkedHeader": "default-Header-header.shrinkedHeader",
      ".default-Header-headerLogoContainer.shrinkedHeader": "default-Header-headerLogoContainer.shrinkedHeader",
      ".default-Header-navigationLinksContainer.closed": "default-Header-navigationLinksContainer.closed",
      "fixedOnTheTop": "default-Header-fixedOnTheTop",
      "header": "default-Header-header",
      "headerColumn": "default-Header-headerColumn",
      "headerLogoContainer": "default-Header-headerLogoContainer",
      "headerMenuButtonContainer": "default-Header-headerMenuButtonContainer",
      "headerPadding": "default-Header-headerPadding",
      "navigationLinks": "default-Header-navigationLinks",
      "navigationLinksContainer": "default-Header-navigationLinksContainer",
    }
  }
/>
`;
