// Jest Snapshot v1, https://goo.gl/fbAQLP

exports[`CollapsebleSection HOC component match expected snapshot 1`] = `
<CollapsebleSectionPure
  collapseSettings={
    Object {
      "collapsedByDefault": false,
      "isCollapseble": true,
    }
  }
  headerSettings={
    Object {
      "firstColumnTerm": null,
      "secondColumnTerm": null,
      "thirdColumnTerm": null,
      "title": null,
    }
  }
  styles={
    Object {
      ".bodyHolder-0-303.closed": "bodyHolder-0-303.closed",
      ".headerArrow-0-302 > .SVGInline-svg": "headerArrow-0-302 > .SVGInline-svg",
      ".headerArrow-0-302.closed": "headerArrow-0-302.closed",
      "body": "body-0-297",
      "bodyHolder": "bodyHolder-0-303",
      "from": "rom",
      "general": "general-0-292",
      "header": "header-0-293",
      "headerArrow": "headerArrow-0-302",
      "headerArrowHolder": "headerArrowHolder-0-301",
      "headerColumn": "headerColumn-0-299",
      "headerCursor": "headerCursor-0-300",
      "headerHolder": "headerHolder-0-295",
      "headerText": "headerText-0-296",
      "termedSection": "termedSection-0-298",
      "titleClass": "titleClass-0-294",
      "to": "o",
    }
  }
/>
`;
