// Jest Snapshot v1, https://goo.gl/fbAQLP

exports[`Header HOC component match expected snapshot 1`] = `
<HeaderPure
  classNames={
    Object {
      ".header-0-2.shrinkedHeader": "header-0-2",
      "fixedOnTheTop": "fixedOnTheTop-0-0",
      "header": "header-0-2",
      "headerPadding": "headerPadding-0-3",
      "logotypeColumn": "logotypeColumn-0-1",
    }
  }
  theme="default"
/>
`;
