// Jest Snapshot v1, https://goo.gl/fbAQLP

exports[`Header Pure Shallow component match expected snapshot 1`] = `
<div>
  <withStyles(ContainerPure)
    className="default-Header-fixedOnTheTop"
  >
    <div
      className="default-Header-header"
    >
      <withStyles(RowPure)>
        <withStyles(ColumnPure)
          className="default-Header-headerColumn"
          sm={4}
          xl={3}
          xs={7}
        >
          <withStyles(LogotypePure)
            className="default-Header-headerLogoContainer"
          />
        </withStyles(ColumnPure)>
        <withStyles(ColumnPure)
          className="default-Header-headerColumn"
          lg={0}
          lgOffset={0}
          sm={1}
          smOffset={7}
          xs={2}
          xsOffset={3}
        >
          <withStyles(HiddenPure)
            className="default-Header-headerMenuButtonContainer"
            lg="up"
          >
            <withStyles(MenuButtonPure)
              onClick={[Function]}
            />
          </withStyles(HiddenPure)>
        </withStyles(ColumnPure)>
        <withStyles(ColumnPure)
          className="default-Header-headerColumn default-Header-navigationLinksContainer closed"
          lg={8}
          xl={9}
          xs={12}
        >
          <withStyles(NavigationLinkListPure)
            className="default-Header-navigationLinks"
            navigationLinkArray={Array []}
          />
        </withStyles(ColumnPure)>
      </withStyles(RowPure)>
    </div>
  </withStyles(ContainerPure)>
  <div
    className="default-Header-headerPadding"
  />
</div>
`;
