// Jest Snapshot v1, https://goo.gl/fbAQLP

exports[`NavigationLinkItem HOC match expected snapshot 1`] = `
<NavigationLinkItemPure
  navigationLinkItem={
    Object {
      "href": "/",
      "id": 1,
      "order": 1,
      "title": "title",
    }
  }
  styles={
    Object {
      ".link-0-2:hover": "link-0-2:hover",
      "link": "link-0-2",
    }
  }
/>
`;
