// Jest Snapshot v1, https://goo.gl/fbAQLP

exports[`Layout Presentation component match expected snapshot 1`] = `
<ThemeProvider
  name="default"
>
  <Aesthetic-ContainerPure>
    <Connect(NotificationPure) />
    <Aesthetic-RowPure>
      <Aesthetic-HeaderPure />
    </Aesthetic-RowPure>
    <Aesthetic-RowPure>
      <Aesthetic-ColumnPure
        xs={12}
      >
        <div>
          Layout Presentation content
        </div>
      </Aesthetic-ColumnPure>
    </Aesthetic-RowPure>
    <Aesthetic-RowPure />
  </Aesthetic-ContainerPure>
</ThemeProvider>
`;
