// Jest Snapshot v1, https://goo.gl/fbAQLP

exports[`Layout Presentation Pure component match expected snapshot 1`] = `
<ThemeProvider
  name="default"
>
  <div
    className="contentWrapper-0-2"
  >
    <withStyles(ContainerPure)
      className="container-0-0"
    >
      <Connect(NotificationPure) />
      <withStyles(RowPure)>
        <withStyles(HeaderPure)
          navigationLinkArray={Array []}
        />
      </withStyles(RowPure)>
      <withStyles(RowPure)
        className="content-0-1"
      >
        <withStyles(ColumnPure)
          xs={12}
        >
          <div>
            Layout Presentation content
          </div>
        </withStyles(ColumnPure)>
      </withStyles(RowPure)>
      <withStyles(RowPure)>
        <withStyles(FooterPure)
          socialMediaLinkArray={Array []}
        />
      </withStyles(RowPure)>
    </withStyles(ContainerPure)>
  </div>
</ThemeProvider>
`;
