// Jest Snapshot v1, https://goo.gl/fbAQLP

exports[`Layout Presentation component match expected snapshot 1`] = `
<PresentationPure
  classNames={
    Object {
      "container": "container-0-0",
      "content": "content-0-1",
    }
  }
  navigationLinkArray={Array []}
  socialMediaLinkArray={Array []}
  theme="default"
>
  <div>
    Layout Presentation content
  </div>
</PresentationPure>
`;
