// Jest Snapshot v1, https://goo.gl/fbAQLP

exports[`Layout Presentation component match expected snapshot 1`] = `
<PresentationPure
  navigationLinkArray={Array []}
  socialMediaLinkArray={Array []}
  styles={
    Object {
      "container": "container-0-365",
      "content": "content-0-366",
      "contentWrapper": "contentWrapper-0-364",
    }
  }
  themeName="default"
>
  <div>
    Layout Presentation content
  </div>
</PresentationPure>
`;
