// Jest Snapshot v1, https://goo.gl/fbAQLP

exports[`LastActiveTopics component match expected snapshot without forumArray 1`] = `
<Jss(CollapsibleSectionPure)
  collapseSettings={
    Object {
      "collapsedByDefault": false,
      "isCollapsible": true,
    }
  }
  headerSettings={
    Object {
      "firstColumnTerm": <Connect(Term)
        term={
            Object {
                "id": 2,
                "value": "Posts",
              }
        }
    />,
      "secondColumnTerm": <Connect(Term)
        term={
            Object {
                "id": 22,
                "value": "Views",
              }
        }
    />,
      "thirdColumnTerm": <Connect(Term)
        term={
            Object {
                "id": 3,
                "value": "Last message in",
              }
        }
    />,
      "title": <Connect(Term)
        term={
            Object {
                "id": 26,
                "value": "Last messages",
              }
        }
    />,
    }
  }
>
  <Jss(TopicPure)
    key="1"
    pageSize={20}
    topic={
      Object {
        "forumId": 1,
        "id": 1,
        "lastPostInfo": Object {
          "authorAvatar": "http://i70.fastpic.ru/big/2015/0628/36/ccbb1e2cb8ba8dbd379a6a12dc6b8336.jpg",
          "authorGroupColor": "#00AA00",
          "authorId": 4,
          "authorName": "Buba",
          "timeCreation": 2016-09-19T10:42:32.000Z,
        },
        "parentForumId": 10,
        "parentForumTitle": "Общие вопросы",
        "postsCount": 215,
        "title": "Как деактивировать бомбу",
        "topicViewsCount": 1315,
        "totalPostsCount": 8,
      }
    }
  />
  <Jss(TopicPure)
    key="2"
    pageSize={20}
    topic={
      Object {
        "forumId": 1,
        "id": 2,
        "lastPostInfo": Object {
          "authorAvatar": null,
          "authorGroupColor": "#fbeab2",
          "authorId": 2,
          "authorName": "Bykawka",
          "timeCreation": 2017-01-22T10:53:09.000Z,
        },
        "parentForumId": 20,
        "parentForumTitle": "Технические вопросы",
        "postsCount": 57,
        "title": "Как активировать бомбу.",
        "topicViewsCount": 847,
        "totalPostsCount": 8,
      }
    }
  />
</Jss(CollapsibleSectionPure)>
`;
