// Jest Snapshot v1, https://goo.gl/fbAQLP

exports[`SubForumPure component match expected snapshot 1`] = `
<div
  className="default-SubForum-container"
>
  <SvgIconsMapper
    className="default-SubForum-icon"
    iconName="SubForum"
  />
  <Jss(LinkPure)
    className="default-SubForum-link"
    to="/Forum/forumId=51"
  >
    FAQ
  </Jss(LinkPure)>
</div>
`;
