// Jest Snapshot v1, https://goo.gl/fbAQLP

exports[`CollapsibleSection HOC component match expected snapshot 1`] = `
<CollapsibleSectionPure
  collapseSettings={
    Object {
      "collapsedByDefault": false,
      "isCollapsible": true,
    }
  }
  headerSettings={
    Object {
      "firstColumnTerm": null,
      "secondColumnTerm": null,
      "thirdColumnTerm": null,
      "title": null,
    }
  }
  styles={
    Object {
      ".default-CollapsibleSection-bodyHolder.closed": "default-CollapsibleSection-bodyHolder.closed",
      ".default-CollapsibleSection-headerArrow > .SVGInline-svg": "default-CollapsibleSection-headerArrow > .SVGInline-svg",
      ".default-CollapsibleSection-headerArrow.closed": "default-CollapsibleSection-headerArrow.closed",
      "body": "default-CollapsibleSection-body",
      "bodyHolder": "default-CollapsibleSection-bodyHolder",
      "from": "rom",
      "general": "default-CollapsibleSection-general",
      "header": "default-CollapsibleSection-header",
      "headerArrow": "default-CollapsibleSection-headerArrow",
      "headerArrowHolder": "default-CollapsibleSection-headerArrowHolder",
      "headerColumn": "default-CollapsibleSection-headerColumn",
      "headerCursor": "default-CollapsibleSection-headerCursor",
      "headerHolder": "default-CollapsibleSection-headerHolder",
      "headerText": "default-CollapsibleSection-headerText",
      "termedSection": "default-CollapsibleSection-termedSection",
      "titleClass": "default-CollapsibleSection-titleClass",
      "to": "o",
    }
  }
/>
`;
