// Jest Snapshot v1, https://goo.gl/fbAQLP

exports[`Conference Presentation component match expected snapshot 1`] = `
<div>
  Some fake dataSome fake data
  Some fake dataSome fake data
  Some fake dataSome fake data
  Some fake dataSome fake data
  Some fake dataSome fake data
  Some fake dataSome fake data
  Some fake dataSome fake data
  Some fake dataSome fake data
  Some fake dataSome fake data
  Some fake dataSome fake data
  Some fake dataSome fake data
  Some fake dataSome fake data
  Some fake dataSome fake data
  Some fake dataSome fake data
  Some fake dataSome fake data
  Some fake dataSome fake data
  Some fake dataSome fake data
  Some fake dataSome fake data
  Some fake dataSome fake data
  Some fake dataSome fake data
  Some fake dataSome fake data
  Some fake dataSome fake data
  Some fake dataSome fake data
  Some fake dataSome fake data
  Some fake dataSome fake data
  Some fake dataSome fake data
  Some fake dataSome fake data
  Some fake dataSome fake data
  Some fake dataSome fake data
  Some fake dataSome fake data
  Some fake dataSome fake data
  Some fake dataSome fake data
  Some fake dataSome fake data
  Some fake dataSome fake data
  Some fake dataSome fake data
  Some fake dataSome fake data
  Some fake dataSome fake data
  Some fake dataSome fake data
  Some fake dataSome fake data
  Some fake dataSome fake data
  Some fake dataSome fake data
  Some fake dataSome fake data
  Some fake dataSome fake data
  Some fake dataSome fake data
  Some fake dataSome fake data
  Some fake dataSome fake data
  Some fake dataSome fake data
  Some fake dataSome fake data
  Some fake dataSome fake data
  Some fake dataSome fake data
  Some fake dataSome fake data
  Some fake dataSome fake data
  Some fake dataSome fake data
  Some fake dataSome fake data
  Some fake dataSome fake data
  Some fake dataSome fake data
  Some fake dataSome fake data
  Some fake dataSome fake data
  Some fake dataSome fake data
  Some fake dataSome fake data
  Some fake dataSome fake data
  Some fake dataSome fake data
  Some fake dataSome fake data
  Some fake dataSome fake data
  Some fake dataSome fake data
  Some fake dataSome fake data
  Some fake dataSome fake data
  Some fake dataSome fake data
  Some fake dataSome fake data
  Some fake dataSome fake data
  Some fake dataSome fake data
  Some fake dataSome fake data
  Some fake dataSome fake data
  Some fake dataSome fake data
  Some fake dataSome fake data
  Some fake dataSome fake data
  Some fake dataSome fake data
  Some fake dataSome fake data
  Some fake dataSome fake data
  Some fake dataSome fake data
  Some fake dataSome fake data
  Some fake dataSome fake data
  Some fake dataSome fake data
  Some fake dataSome fake data
  Some fake dataSome fake data
  Some fake dataSome fake data
  Some fake dataSome fake data
  Some fake dataSome fake data
  Some fake dataSome fake data
  Some fake dataSome fake data
  Some fake dataSome fake data
  Some fake dataSome fake data
  Some fake dataSome fake data
  Some fake dataSome fake data
  Some fake dataSome fake data
  Some fake dataSome fake data
  Some fake dataSome fake data
  Some fake dataSome fake data
  Some fake dataSome fake data
  Some fake dataSome fake data
  Some fake dataSome fake data
  Some fake dataSome fake data
  Some fake dataSome fake data
  Some fake dataSome fake data
  Some fake dataSome fake data
  Some fake dataSome fake data
  Some fake dataSome fake data
  Some fake dataSome fake data
  Some fake dataSome fake data
  Some fake dataSome fake data
  Some fake dataSome fake data
  Some fake dataSome fake data
  Some fake dataSome fake data
  Some fake dataSome fake data
  Some fake dataSome fake data
  Some fake dataSome fake data
  Some fake dataSome fake data
  Some fake dataSome fake data
  Some fake dataSome fake data
  Some fake dataSome fake data
  Some fake dataSome fake data
  Some fake dataSome fake data
  Some fake dataSome fake data
  Some fake dataSome fake data
  Some fake dataSome fake data
  Some fake dataSome fake data
  <div>
    Conference Presentation content
  </div>
</div>
`;
