// Jest Snapshot v1, https://goo.gl/fbAQLP

exports[`Layout Presentation Pure component match expected snapshot 1`] = `
<ThemeProvider
  name="default"
>
  <div
    className="default-LayoutContainer-contentWrapper"
  >
    <withStyles(ContainerPure)
      className="default-LayoutContainer-container"
    >
      <Connect(NotificationPure) />
      <withStyles(RowPure)
        className=""
        reverse={false}
      >
        <withStyles(HeaderPure)
          navigationLinkArray={Array []}
        />
      </withStyles(RowPure)>
      <withStyles(RowPure)
        className="default-LayoutContainer-content"
        reverse={false}
      >
        <withStyles(ColumnPure)
          className=""
          lg=""
          lgOffset=""
          md=""
          mdOffset=""
          sm=""
          smOffset=""
          xl=""
          xlOffset=""
          xs={12}
          xsOffset=""
        >
          <div>
            Layout Presentation content
          </div>
        </withStyles(ColumnPure)>
      </withStyles(RowPure)>
      <withStyles(RowPure)
        className=""
        reverse={false}
      >
        <withStyles(FooterPure)
          socialMediaLinkArray={Array []}
        />
      </withStyles(RowPure)>
    </withStyles(ContainerPure)>
  </div>
</ThemeProvider>
`;
