// Jest Snapshot v1, https://goo.gl/fbAQLP

exports[`Layout Presentation component match expected snapshot 1`] = `
<PresentationPure
  navigationLinkArray={Array []}
  socialMediaLinkArray={Array []}
  styles={
    Object {
      "body": "ody",
      "container": "default-LayoutContainer-container",
      "content": "default-LayoutContainer-content",
      "contentWrapper": "default-LayoutContainer-contentWrapper",
    }
  }
  themeName="default"
>
  <div>
    Layout Presentation content
  </div>
</PresentationPure>
`;
