// Jest Snapshot v1, https://goo.gl/fbAQLP

exports[`SubForum component match expected snapshot 1`] = `
<InlineSVG
  baseURL=""
  cacheGetRequests={false}
  className="steamIconClassName"
  onLoad={[Function]}
  src="sub-forum.svg"
  supportTest={[Function]}
  uniquifyIDs={true}
  wrapper={[Function]}
/>
`;
