// Jest Snapshot v1, https://goo.gl/fbAQLP

exports[`Notification Pure component with 2 notifications match expected snapshot 1`] = `
<NotificationPure
  notifications={
    Array [
      Object {
        "autoDismiss": 5,
        "level": "info",
        "message": "message",
        "title": "title",
        "uid": 1,
      },
      Object {
        "autoDismiss": 5,
        "level": "warning",
        "message": "message",
        "title": "title",
        "uid": 2,
      },
    ]
  }
  removeNotification={[Function]}
>
  <NotificationSystem
    allowHTML={false}
    noAnimation={false}
    style={Object {}}
  >
    <div
      className="notifications-wrapper"
      style={Object {}}
    >
      <NotificationContainer
        allowHTML={false}
        getStyles={
          Object {
            "byElement": [Function],
            "container": [Function],
            "elements": Object {
              "action": "Action",
              "actionWrapper": "ActionWrapper",
              "dismiss": "Dismiss",
              "messageWrapper": "MessageWrapper",
              "notification": "NotificationItem",
              "title": "Title",
            },
            "overrideStyle": Object {},
            "overrideWidth": 320,
            "setOverrideStyle": [Function],
            "wrapper": [Function],
          }
        }
        noAnimation={false}
        notifications={
          Array [
            Object {
              "action": null,
              "autoDismiss": 5,
              "dismissible": true,
              "level": "info",
              "message": "message",
              "onRemove": [Function],
              "position": "tr",
              "ref": "notification-1",
              "title": "title",
              "uid": 1,
            },
            Object {
              "action": null,
              "autoDismiss": 5,
              "dismissible": true,
              "level": "warning",
              "message": "message",
              "onRemove": [Function],
              "position": "tr",
              "ref": "notification-2",
              "title": "title",
              "uid": 2,
            },
          ]
        }
        onRemove={[Function]}
        position="tr"
      >
        <div
          className="notifications-tr"
          style={
            Object {
              "MozBoxSizing": "border-box",
              "WebkitBoxSizing": "border-box",
              "bottom": "auto",
              "boxSizing": "border-box",
              "fontFamily": "inherit",
              "height": "auto",
              "left": "auto",
              "padding": "0 10px 10px 10px",
              "position": "fixed",
              "right": "0px",
              "top": "0px",
              "width": 320,
              "zIndex": 9998,
            }
          }
        >
          <NotificationItem
            allowHTML={false}
            getStyles={
              Object {
                "byElement": [Function],
                "container": [Function],
                "elements": Object {
                  "action": "Action",
                  "actionWrapper": "ActionWrapper",
                  "dismiss": "Dismiss",
                  "messageWrapper": "MessageWrapper",
                  "notification": "NotificationItem",
                  "title": "Title",
                },
                "overrideStyle": Object {},
                "overrideWidth": 320,
                "setOverrideStyle": [Function],
                "wrapper": [Function],
              }
            }
            noAnimation={false}
            notification={
              Object {
                "action": null,
                "autoDismiss": 5,
                "dismissible": true,
                "level": "info",
                "message": "message",
                "onRemove": [Function],
                "position": "tr",
                "ref": "notification-1",
                "title": "title",
                "uid": 1,
              }
            }
            onRemove={[Function]}
          >
            <div
              className="notification notification-info"
              onClick={[Function]}
              onMouseEnter={[Function]}
              onMouseLeave={[Function]}
              style={
                Object {
                  "MozBoxShadow": "0 0 1px rgba(54, 156, 199,0.9)",
                  "MozBoxSizing": "border-box",
                  "WebkitBoxShadow": "0 0 1px rgba(54, 156, 199,0.9)",
                  "WebkitBoxSizing": "border-box",
                  "WebkitTransform": "translate3d(0, 0, 0)",
                  "backgroundColor": "#e8f0f4",
                  "borderRadius": "2px",
                  "borderTop": "2px solid #369cc7",
                  "boxShadow": "0 0 1px rgba(54, 156, 199,0.9)",
                  "boxSizing": "border-box",
                  "color": "#41555d",
                  "cursor": "pointer",
                  "display": "block",
                  "fontSize": "13px",
                  "isHidden": Object {
                    "opacity": 0,
                  },
                  "isVisible": Object {
                    "opacity": 1,
                  },
                  "margin": "10px 0 0",
                  "opacity": 0,
                  "padding": "10px",
                  "position": "relative",
                  "right": -200,
                  "transform": "translate3d(0, 0, 0)",
                  "transition": "0.3s ease-in-out",
                  "width": "100%",
                  "willChange": "transform, opacity",
                }
              }
            >
              <h4
                className="notification-title"
                style={
                  Object {
                    "color": "#369cc7",
                    "fontSize": "14px",
                    "fontWeight": "bold",
                    "margin": "0 0 5px 0",
                    "padding": 0,
                  }
                }
              >
                title
              </h4>
              <div
                className="notification-message"
                style={
                  Object {
                    "margin": 0,
                    "padding": 0,
                  }
                }
              >
                message
              </div>
              <span
                className="notification-dismiss"
                style={
                  Object {
                    "backgroundColor": "#a4becb",
                    "borderRadius": "50%",
                    "color": "#e8f0f4",
                    "fontFamily": "Arial",
                    "fontSize": "17px",
                    "fontWeight": "bold",
                    "height": "14px",
                    "lineHeight": "15px",
                    "position": "absolute",
                    "right": "5px",
                    "textAlign": "center",
                    "top": "4px",
                    "width": "14px",
                  }
                }
              >
                ×
              </span>
            </div>
          </NotificationItem>
          <NotificationItem
            allowHTML={false}
            getStyles={
              Object {
                "byElement": [Function],
                "container": [Function],
                "elements": Object {
                  "action": "Action",
                  "actionWrapper": "ActionWrapper",
                  "dismiss": "Dismiss",
                  "messageWrapper": "MessageWrapper",
                  "notification": "NotificationItem",
                  "title": "Title",
                },
                "overrideStyle": Object {},
                "overrideWidth": 320,
                "setOverrideStyle": [Function],
                "wrapper": [Function],
              }
            }
            noAnimation={false}
            notification={
              Object {
                "action": null,
                "autoDismiss": 5,
                "dismissible": true,
                "level": "warning",
                "message": "message",
                "onRemove": [Function],
                "position": "tr",
                "ref": "notification-2",
                "title": "title",
                "uid": 2,
              }
            }
            onRemove={[Function]}
          >
            <div
              className="notification notification-warning"
              onClick={[Function]}
              onMouseEnter={[Function]}
              onMouseLeave={[Function]}
              style={
                Object {
                  "MozBoxShadow": "0 0 1px rgba(235, 173, 23,0.9)",
                  "MozBoxSizing": "border-box",
                  "WebkitBoxShadow": "0 0 1px rgba(235, 173, 23,0.9)",
                  "WebkitBoxSizing": "border-box",
                  "WebkitTransform": "translate3d(0, 0, 0)",
                  "backgroundColor": "#f9f6f0",
                  "borderRadius": "2px",
                  "borderTop": "2px solid #ebad1a",
                  "boxShadow": "0 0 1px rgba(235, 173, 23,0.9)",
                  "boxSizing": "border-box",
                  "color": "#5a5343",
                  "cursor": "pointer",
                  "display": "block",
                  "fontSize": "13px",
                  "isHidden": Object {
                    "opacity": 0,
                  },
                  "isVisible": Object {
                    "opacity": 1,
                  },
                  "margin": "10px 0 0",
                  "opacity": 0,
                  "padding": "10px",
                  "position": "relative",
                  "right": -200,
                  "transform": "translate3d(0, 0, 0)",
                  "transition": "0.3s ease-in-out",
                  "width": "100%",
                  "willChange": "transform, opacity",
                }
              }
            >
              <h4
                className="notification-title"
                style={
                  Object {
                    "color": "#ebad1a",
                    "fontSize": "14px",
                    "fontWeight": "bold",
                    "margin": "0 0 5px 0",
                    "padding": 0,
                  }
                }
              >
                title
              </h4>
              <div
                className="notification-message"
                style={
                  Object {
                    "margin": 0,
                    "padding": 0,
                  }
                }
              >
                message
              </div>
              <span
                className="notification-dismiss"
                style={
                  Object {
                    "backgroundColor": "#e1cfac",
                    "borderRadius": "50%",
                    "color": "#f9f6f0",
                    "fontFamily": "Arial",
                    "fontSize": "17px",
                    "fontWeight": "bold",
                    "height": "14px",
                    "lineHeight": "15px",
                    "position": "absolute",
                    "right": "5px",
                    "textAlign": "center",
                    "top": "4px",
                    "width": "14px",
                  }
                }
              >
                ×
              </span>
            </div>
          </NotificationItem>
        </div>
      </NotificationContainer>
    </div>
  </NotificationSystem>
</NotificationPure>
`;

exports[`Notification Pure component without notifications match expected snapshot 1`] = `
<NotificationPure
  removeNotification={[Function]}
>
  <NotificationSystem
    allowHTML={false}
    noAnimation={false}
    style={Object {}}
  >
    <div
      className="notifications-wrapper"
      style={Object {}}
    />
  </NotificationSystem>
</NotificationPure>
`;
