// Jest Snapshot v1, https://goo.gl/fbAQLP

exports[`BbCodePresenter HOC component with correct message should match expected snapshot 1`] = `
<BbCodePresenterPure
  styles={
    Object {
      ".default-BbCodePresenter-center:last-child": "default-BbCodePresenter-center:last-child",
      ".default-BbCodePresenter-left:last-child": "default-BbCodePresenter-left:last-child",
      ".default-BbCodePresenter-right:last-child": "default-BbCodePresenter-right:last-child",
      "bold": "default-BbCodePresenter-bold",
      "center": "default-BbCodePresenter-center",
      "italic": "default-BbCodePresenter-italic",
      "left": "default-BbCodePresenter-left",
      "lineThrough": "default-BbCodePresenter-lineThrough",
      "position": "default-BbCodePresenter-position",
      "right": "default-BbCodePresenter-right",
      "underline": "default-BbCodePresenter-underline",
    }
  }
  text="test"
/>
`;
