// Jest Snapshot v1, https://goo.gl/fbAQLP

exports[`BbCodePresenter parser parseTextToNodeTree with correct message should create expected object 1`] = `
Object {
  "children": Array [
    Object {
      "children": Array [
        Object {
          "children": Array [],
          "content": "wrong/url.png",
          "options": undefined,
          "parentNode": [Circular],
          "type": "textline",
        },
      ],
      "content": "",
      "options": undefined,
      "parentNode": [Circular],
      "type": "url",
    },
    Object {
      "children": Array [],
      "content": " text ",
      "options": undefined,
      "parentNode": [Circular],
      "type": "textline",
    },
    Object {
      "children": Array [
        Object {
          "children": Array [],
          "content": "http://correct.url/content.png",
          "options": undefined,
          "parentNode": [Circular],
          "type": "textline",
        },
      ],
      "content": "",
      "options": undefined,
      "parentNode": [Circular],
      "type": "url",
    },
    Object {
      "children": Array [],
      "content": "",
      "options": undefined,
      "parentNode": [Circular],
      "type": "br",
    },
    Object {
      "children": Array [
        Object {
          "children": Array [],
          "content": "https://correct.url/content.png",
          "options": undefined,
          "parentNode": [Circular],
          "type": "textline",
        },
      ],
      "content": "",
      "options": undefined,
      "parentNode": [Circular],
      "type": "url",
    },
    Object {
      "children": Array [],
      "content": "",
      "options": undefined,
      "parentNode": [Circular],
      "type": "br",
    },
    Object {
      "children": Array [
        Object {
          "children": Array [],
          "content": "Link",
          "options": undefined,
          "parentNode": [Circular],
          "type": "textline",
        },
      ],
      "content": "",
      "options": "http://path.to/some/image.png",
      "parentNode": [Circular],
      "type": "url",
    },
    Object {
      "children": Array [],
      "content": " ",
      "options": undefined,
      "parentNode": [Circular],
      "type": "textline",
    },
    Object {
      "children": Array [
        Object {
          "children": Array [
            Object {
              "children": Array [],
              "content": "https://path.to/some/image.png",
              "options": undefined,
              "parentNode": [Circular],
              "type": "textline",
            },
          ],
          "content": "",
          "options": undefined,
          "parentNode": [Circular],
          "type": "img",
        },
      ],
      "content": "",
      "options": "http://path.to/some/image.png",
      "parentNode": [Circular],
      "type": "url",
    },
    Object {
      "children": Array [],
      "content": " text ",
      "options": undefined,
      "parentNode": [Circular],
      "type": "textline",
    },
    Object {
      "children": Array [
        Object {
          "children": Array [],
          "content": "text in u tag ",
          "options": undefined,
          "parentNode": [Circular],
          "type": "textline",
        },
        Object {
          "children": Array [
            Object {
              "children": Array [],
              "content": "red text",
              "options": undefined,
              "parentNode": [Circular],
              "type": "textline",
            },
          ],
          "content": "",
          "options": "red",
          "parentNode": [Circular],
          "type": "color",
        },
        Object {
          "children": Array [],
          "content": " ",
          "options": undefined,
          "parentNode": [Circular],
          "type": "textline",
        },
        Object {
          "children": Array [
            Object {
              "children": Array [],
              "content": "text in b tag 21",
              "options": undefined,
              "parentNode": [Circular],
              "type": "textline",
            },
          ],
          "content": "",
          "options": undefined,
          "parentNode": [Circular],
          "type": "b",
        },
        Object {
          "children": Array [],
          "content": " ",
          "options": undefined,
          "parentNode": [Circular],
          "type": "textline",
        },
        Object {
          "children": Array [
            Object {
              "children": Array [],
              "content": "text in u tag",
              "options": undefined,
              "parentNode": [Circular],
              "type": "textline",
            },
          ],
          "content": "",
          "options": undefined,
          "parentNode": [Circular],
          "type": "u",
        },
        Object {
          "children": Array [],
          "content": "",
          "options": undefined,
          "parentNode": [Circular],
          "type": "br",
        },
        Object {
          "children": Array [],
          "content": "text in u tag ",
          "options": undefined,
          "parentNode": [Circular],
          "type": "textline",
        },
        Object {
          "children": Array [
            Object {
              "children": Array [],
              "content": "text in b tag",
              "options": undefined,
              "parentNode": [Circular],
              "type": "textline",
            },
          ],
          "content": "",
          "options": undefined,
          "parentNode": [Circular],
          "type": "b",
        },
        Object {
          "children": Array [],
          "content": " ",
          "options": undefined,
          "parentNode": [Circular],
          "type": "textline",
        },
      ],
      "content": "",
      "options": undefined,
      "parentNode": [Circular],
      "type": "U",
    },
    Object {
      "children": Array [],
      "content": " text ",
      "options": undefined,
      "parentNode": [Circular],
      "type": "textline",
    },
    Object {
      "children": Array [
        Object {
          "children": Array [],
          "content": "some text[b]with other bbCodes[/b] in code tag",
          "options": undefined,
          "parentNode": [Circular],
          "type": "textline",
        },
      ],
      "content": "",
      "options": "kto",
      "parentNode": [Circular],
      "type": "code",
    },
    Object {
      "children": Array [],
      "content": " text",
      "options": undefined,
      "parentNode": [Circular],
      "type": "textline",
    },
    Object {
      "children": Array [],
      "content": "",
      "options": undefined,
      "parentNode": [Circular],
      "type": "br",
    },
    Object {
      "children": Array [],
      "content": " ",
      "options": undefined,
      "parentNode": [Circular],
      "type": "textline",
    },
    Object {
      "children": Array [
        Object {
          "children": Array [],
          "content": "http://fastpic.ru/big/e.gif",
          "options": undefined,
          "parentNode": [Circular],
          "type": "textline",
        },
        Object {
          "children": Array [],
          "content": "",
          "options": undefined,
          "parentNode": [Circular],
          "type": "br",
        },
        Object {
          "children": Array [],
          "content": "http://fastpic.ru/big/7.gif",
          "options": undefined,
          "parentNode": [Circular],
          "type": "textline",
        },
        Object {
          "children": Array [],
          "content": "",
          "options": undefined,
          "parentNode": [Circular],
          "type": "br",
        },
        Object {
          "children": Array [],
          "content": "http://fastpic.ru/big/c.gif",
          "options": undefined,
          "parentNode": [Circular],
          "type": "textline",
        },
        Object {
          "children": Array [],
          "content": "",
          "options": undefined,
          "parentNode": [Circular],
          "type": "br",
        },
        Object {
          "children": Array [],
          "content": "http://fastpic.ru/big/3.gif",
          "options": undefined,
          "parentNode": [Circular],
          "type": "textline",
        },
      ],
      "content": "",
      "options": undefined,
      "parentNode": [Circular],
      "type": "img",
    },
    Object {
      "children": Array [],
      "content": " ",
      "options": undefined,
      "parentNode": [Circular],
      "type": "textline",
    },
    Object {
      "children": Array [
        Object {
          "children": Array [],
          "content": "http://fastpic.ru/2015/0.png",
          "options": undefined,
          "parentNode": [Circular],
          "type": "textline",
        },
        Object {
          "children": Array [],
          "content": "",
          "options": undefined,
          "parentNode": [Circular],
          "type": "br",
        },
        Object {
          "children": Array [],
          "content": "http://fastpic.ru/2015/0.gif ",
          "options": undefined,
          "parentNode": [Circular],
          "type": "textline",
        },
      ],
      "content": "",
      "options": undefined,
      "parentNode": [Circular],
      "type": "url",
    },
    Object {
      "children": Array [
        Object {
          "children": Array [],
          "content": " quote ",
          "options": undefined,
          "parentNode": [Circular],
          "type": "textline",
        },
        Object {
          "children": Array [
            Object {
              "children": Array [],
              "content": " and subQuote ",
              "options": undefined,
              "parentNode": [Circular],
              "type": "textline",
            },
            Object {
              "children": Array [
                Object {
                  "children": Array [],
                  "content": "with ",
                  "options": undefined,
                  "parentNode": [Circular],
                  "type": "textline",
                },
                Object {
                  "children": Array [
                    Object {
                      "children": Array [],
                      "content": "some",
                      "options": undefined,
                      "parentNode": [Circular],
                      "type": "textline",
                    },
                  ],
                  "content": "",
                  "options": undefined,
                  "parentNode": [Circular],
                  "type": "u",
                },
                Object {
                  "children": Array [],
                  "content": "tags",
                  "options": undefined,
                  "parentNode": [Circular],
                  "type": "textline",
                },
              ],
              "content": "",
              "options": undefined,
              "parentNode": [Circular],
              "type": "i",
            },
            Object {
              "children": Array [],
              "content": " param",
              "options": undefined,
              "parentNode": [Circular],
              "type": "textline",
            },
          ],
          "content": "",
          "options": "kto",
          "parentNode": [Circular],
          "type": "quote",
        },
        Object {
          "children": Array [],
          "content": " ",
          "options": undefined,
          "parentNode": [Circular],
          "type": "textline",
        },
        Object {
          "children": Array [
            Object {
              "children": Array [],
              "content": "some",
              "options": undefined,
              "parentNode": [Circular],
              "type": "textline",
            },
            Object {
              "children": Array [
                Object {
                  "children": Array [],
                  "content": "other",
                  "options": undefined,
                  "parentNode": [Circular],
                  "type": "textline",
                },
              ],
              "content": "",
              "options": undefined,
              "parentNode": [Circular],
              "type": "i",
            },
            Object {
              "children": Array [],
              "content": "text",
              "options": undefined,
              "parentNode": [Circular],
              "type": "textline",
            },
          ],
          "content": "",
          "options": undefined,
          "parentNode": [Circular],
          "type": "b",
        },
        Object {
          "children": Array [],
          "content": " with tags",
          "options": undefined,
          "parentNode": [Circular],
          "type": "textline",
        },
      ],
      "content": "",
      "options": undefined,
      "parentNode": [Circular],
      "type": "quote",
    },
    Object {
      "children": Array [],
      "content": " ",
      "options": undefined,
      "parentNode": [Circular],
      "type": "textline",
    },
    Object {
      "children": Array [
        Object {
          "children": Array [
            Object {
              "children": Array [],
              "content": "http://fastpic.ru/e.gif",
              "options": undefined,
              "parentNode": [Circular],
              "type": "textline",
            },
          ],
          "content": "",
          "options": undefined,
          "parentNode": [Circular],
          "type": "img",
        },
        Object {
          "children": Array [],
          "content": " Link with 2 images as link ",
          "options": undefined,
          "parentNode": [Circular],
          "type": "textline",
        },
        Object {
          "children": Array [
            Object {
              "children": Array [],
              "content": "http://fastpic.ru/big/7b40.gif",
              "options": undefined,
              "parentNode": [Circular],
              "type": "textline",
            },
          ],
          "content": "",
          "options": undefined,
          "parentNode": [Circular],
          "type": "img",
        },
      ],
      "content": "",
      "options": "http://fastpic.ru/10/0.png",
      "parentNode": [Circular],
      "type": "url",
    },
  ],
  "content": "",
  "options": undefined,
  "parentNode": Object {},
  "type": "root",
}
`;

exports[`BbCodePresenter parser parseTextToNodeTree with incorrect message (one redundant [/b] tag) should create expected object and does not include last root tag as text 1`] = `
Object {
  "children": Array [
    Object {
      "children": Array [
        Object {
          "children": Array [],
          "content": "wrong/url.png",
          "options": undefined,
          "parentNode": [Circular],
          "type": "textline",
        },
      ],
      "content": "",
      "options": undefined,
      "parentNode": [Circular],
      "type": "url",
    },
    Object {
      "children": Array [],
      "content": " text ",
      "options": undefined,
      "parentNode": [Circular],
      "type": "textline",
    },
    Object {
      "children": Array [
        Object {
          "children": Array [],
          "content": "http://correct.url/content.png",
          "options": undefined,
          "parentNode": [Circular],
          "type": "textline",
        },
      ],
      "content": "",
      "options": undefined,
      "parentNode": [Circular],
      "type": "url",
    },
    Object {
      "children": Array [],
      "content": "",
      "options": undefined,
      "parentNode": [Circular],
      "type": "br",
    },
    Object {
      "children": Array [
        Object {
          "children": Array [],
          "content": "https://correct.url/content.png",
          "options": undefined,
          "parentNode": [Circular],
          "type": "textline",
        },
      ],
      "content": "",
      "options": undefined,
      "parentNode": [Circular],
      "type": "url",
    },
    Object {
      "children": Array [],
      "content": "",
      "options": undefined,
      "parentNode": [Circular],
      "type": "br",
    },
    Object {
      "children": Array [
        Object {
          "children": Array [],
          "content": "Link",
          "options": undefined,
          "parentNode": [Circular],
          "type": "textline",
        },
      ],
      "content": "",
      "options": "http://path.to/some/image.png",
      "parentNode": [Circular],
      "type": "url",
    },
    Object {
      "children": Array [],
      "content": " ",
      "options": undefined,
      "parentNode": [Circular],
      "type": "textline",
    },
    Object {
      "children": Array [
        Object {
          "children": Array [
            Object {
              "children": Array [],
              "content": "https://path.to/some/image.png",
              "options": undefined,
              "parentNode": [Circular],
              "type": "textline",
            },
          ],
          "content": "",
          "options": undefined,
          "parentNode": [Circular],
          "type": "img",
        },
      ],
      "content": "",
      "options": "http://path.to/some/image.png",
      "parentNode": [Circular],
      "type": "url",
    },
    Object {
      "children": Array [],
      "content": " text ",
      "options": undefined,
      "parentNode": [Circular],
      "type": "textline",
    },
    Object {
      "children": Array [
        Object {
          "children": Array [],
          "content": "text in u tag ",
          "options": undefined,
          "parentNode": [Circular],
          "type": "textline",
        },
        Object {
          "children": Array [
            Object {
              "children": Array [],
              "content": "red text",
              "options": undefined,
              "parentNode": [Circular],
              "type": "textline",
            },
          ],
          "content": "",
          "options": "red",
          "parentNode": [Circular],
          "type": "color",
        },
        Object {
          "children": Array [],
          "content": " ",
          "options": undefined,
          "parentNode": [Circular],
          "type": "textline",
        },
        Object {
          "children": Array [
            Object {
              "children": Array [],
              "content": "text in b tag 21",
              "options": undefined,
              "parentNode": [Circular],
              "type": "textline",
            },
          ],
          "content": "",
          "options": undefined,
          "parentNode": [Circular],
          "type": "b",
        },
        Object {
          "children": Array [],
          "content": " ",
          "options": undefined,
          "parentNode": [Circular],
          "type": "textline",
        },
        Object {
          "children": Array [
            Object {
              "children": Array [],
              "content": "text in u tag",
              "options": undefined,
              "parentNode": [Circular],
              "type": "textline",
            },
          ],
          "content": "",
          "options": undefined,
          "parentNode": [Circular],
          "type": "u",
        },
        Object {
          "children": Array [],
          "content": "",
          "options": undefined,
          "parentNode": [Circular],
          "type": "br",
        },
        Object {
          "children": Array [],
          "content": "text in u tag ",
          "options": undefined,
          "parentNode": [Circular],
          "type": "textline",
        },
        Object {
          "children": Array [
            Object {
              "children": Array [],
              "content": "text in b tag",
              "options": undefined,
              "parentNode": [Circular],
              "type": "textline",
            },
          ],
          "content": "",
          "options": undefined,
          "parentNode": [Circular],
          "type": "b",
        },
        Object {
          "children": Array [],
          "content": " ",
          "options": undefined,
          "parentNode": [Circular],
          "type": "textline",
        },
      ],
      "content": "",
      "options": undefined,
      "parentNode": [Circular],
      "type": "U",
    },
    Object {
      "children": Array [],
      "content": " this text contains ",
      "options": undefined,
      "parentNode": [Circular],
      "type": "textline",
    },
    Object {
      "children": Array [],
      "content": "[/b]",
      "options": undefined,
      "parentNode": [Circular],
      "type": "textline",
    },
    Object {
      "children": Array [],
      "content": " that is a wrong tags ",
      "options": undefined,
      "parentNode": [Circular],
      "type": "textline",
    },
    Object {
      "children": Array [
        Object {
          "children": Array [],
          "content": "some text[b]with other bbCodes[/b] in code tag",
          "options": undefined,
          "parentNode": [Circular],
          "type": "textline",
        },
      ],
      "content": "",
      "options": "kto",
      "parentNode": [Circular],
      "type": "code",
    },
    Object {
      "children": Array [],
      "content": " text",
      "options": undefined,
      "parentNode": [Circular],
      "type": "textline",
    },
    Object {
      "children": Array [],
      "content": "",
      "options": undefined,
      "parentNode": [Circular],
      "type": "br",
    },
    Object {
      "children": Array [],
      "content": " ",
      "options": undefined,
      "parentNode": [Circular],
      "type": "textline",
    },
    Object {
      "children": Array [
        Object {
          "children": Array [],
          "content": "http://fastpic.ru/big/e.gif",
          "options": undefined,
          "parentNode": [Circular],
          "type": "textline",
        },
        Object {
          "children": Array [],
          "content": "",
          "options": undefined,
          "parentNode": [Circular],
          "type": "br",
        },
        Object {
          "children": Array [],
          "content": "http://fastpic.ru/big/7.gif",
          "options": undefined,
          "parentNode": [Circular],
          "type": "textline",
        },
        Object {
          "children": Array [],
          "content": "",
          "options": undefined,
          "parentNode": [Circular],
          "type": "br",
        },
        Object {
          "children": Array [],
          "content": "http://fastpic.ru/big/c.gif",
          "options": undefined,
          "parentNode": [Circular],
          "type": "textline",
        },
        Object {
          "children": Array [],
          "content": "",
          "options": undefined,
          "parentNode": [Circular],
          "type": "br",
        },
        Object {
          "children": Array [],
          "content": "http://fastpic.ru/big/3.gif",
          "options": undefined,
          "parentNode": [Circular],
          "type": "textline",
        },
      ],
      "content": "",
      "options": undefined,
      "parentNode": [Circular],
      "type": "img",
    },
    Object {
      "children": Array [],
      "content": " ",
      "options": undefined,
      "parentNode": [Circular],
      "type": "textline",
    },
    Object {
      "children": Array [
        Object {
          "children": Array [],
          "content": "http://fastpic.ru/2015/0.png",
          "options": undefined,
          "parentNode": [Circular],
          "type": "textline",
        },
        Object {
          "children": Array [],
          "content": "",
          "options": undefined,
          "parentNode": [Circular],
          "type": "br",
        },
        Object {
          "children": Array [],
          "content": "http://fastpic.ru/2015/0.gif ",
          "options": undefined,
          "parentNode": [Circular],
          "type": "textline",
        },
      ],
      "content": "",
      "options": undefined,
      "parentNode": [Circular],
      "type": "url",
    },
    Object {
      "children": Array [
        Object {
          "children": Array [],
          "content": " quote ",
          "options": undefined,
          "parentNode": [Circular],
          "type": "textline",
        },
        Object {
          "children": Array [
            Object {
              "children": Array [],
              "content": " and subQuote ",
              "options": undefined,
              "parentNode": [Circular],
              "type": "textline",
            },
            Object {
              "children": Array [
                Object {
                  "children": Array [],
                  "content": "with ",
                  "options": undefined,
                  "parentNode": [Circular],
                  "type": "textline",
                },
                Object {
                  "children": Array [
                    Object {
                      "children": Array [],
                      "content": "some",
                      "options": undefined,
                      "parentNode": [Circular],
                      "type": "textline",
                    },
                  ],
                  "content": "",
                  "options": undefined,
                  "parentNode": [Circular],
                  "type": "u",
                },
                Object {
                  "children": Array [],
                  "content": "tags",
                  "options": undefined,
                  "parentNode": [Circular],
                  "type": "textline",
                },
              ],
              "content": "",
              "options": undefined,
              "parentNode": [Circular],
              "type": "i",
            },
            Object {
              "children": Array [],
              "content": " param",
              "options": undefined,
              "parentNode": [Circular],
              "type": "textline",
            },
          ],
          "content": "",
          "options": "kto",
          "parentNode": [Circular],
          "type": "quote",
        },
        Object {
          "children": Array [],
          "content": " ",
          "options": undefined,
          "parentNode": [Circular],
          "type": "textline",
        },
        Object {
          "children": Array [
            Object {
              "children": Array [],
              "content": "some",
              "options": undefined,
              "parentNode": [Circular],
              "type": "textline",
            },
            Object {
              "children": Array [
                Object {
                  "children": Array [],
                  "content": "other",
                  "options": undefined,
                  "parentNode": [Circular],
                  "type": "textline",
                },
              ],
              "content": "",
              "options": undefined,
              "parentNode": [Circular],
              "type": "i",
            },
            Object {
              "children": Array [],
              "content": "text",
              "options": undefined,
              "parentNode": [Circular],
              "type": "textline",
            },
          ],
          "content": "",
          "options": undefined,
          "parentNode": [Circular],
          "type": "b",
        },
        Object {
          "children": Array [],
          "content": " with tags",
          "options": undefined,
          "parentNode": [Circular],
          "type": "textline",
        },
      ],
      "content": "",
      "options": undefined,
      "parentNode": [Circular],
      "type": "quote",
    },
    Object {
      "children": Array [],
      "content": " ",
      "options": undefined,
      "parentNode": [Circular],
      "type": "textline",
    },
    Object {
      "children": Array [
        Object {
          "children": Array [
            Object {
              "children": Array [],
              "content": "http://fastpic.ru/e.gif",
              "options": undefined,
              "parentNode": [Circular],
              "type": "textline",
            },
          ],
          "content": "",
          "options": undefined,
          "parentNode": [Circular],
          "type": "img",
        },
        Object {
          "children": Array [],
          "content": " Link with 2 images as link ",
          "options": undefined,
          "parentNode": [Circular],
          "type": "textline",
        },
        Object {
          "children": Array [
            Object {
              "children": Array [],
              "content": "http://fastpic.ru/big/7b40.gif",
              "options": undefined,
              "parentNode": [Circular],
              "type": "textline",
            },
          ],
          "content": "",
          "options": undefined,
          "parentNode": [Circular],
          "type": "img",
        },
      ],
      "content": "",
      "options": "http://fastpic.ru/10/0.png",
      "parentNode": [Circular],
      "type": "url",
    },
  ],
  "content": "",
  "options": undefined,
  "parentNode": Object {},
  "type": "root",
}
`;

exports[`BbCodePresenter parser parseTextToNodeTree with incorrect message (one redundant [b] tag) should create expected object and does not include last root tag as text 1`] = `
Object {
  "children": Array [
    Object {
      "children": Array [
        Object {
          "children": Array [],
          "content": "wrong/url.png",
          "options": undefined,
          "parentNode": [Circular],
          "type": "textline",
        },
      ],
      "content": "",
      "options": undefined,
      "parentNode": [Circular],
      "type": "url",
    },
    Object {
      "children": Array [],
      "content": " text ",
      "options": undefined,
      "parentNode": [Circular],
      "type": "textline",
    },
    Object {
      "children": Array [
        Object {
          "children": Array [],
          "content": "http://correct.url/content.png",
          "options": undefined,
          "parentNode": [Circular],
          "type": "textline",
        },
      ],
      "content": "",
      "options": undefined,
      "parentNode": [Circular],
      "type": "url",
    },
    Object {
      "children": Array [],
      "content": "",
      "options": undefined,
      "parentNode": [Circular],
      "type": "br",
    },
    Object {
      "children": Array [
        Object {
          "children": Array [],
          "content": "https://correct.url/content.png",
          "options": undefined,
          "parentNode": [Circular],
          "type": "textline",
        },
      ],
      "content": "",
      "options": undefined,
      "parentNode": [Circular],
      "type": "url",
    },
    Object {
      "children": Array [],
      "content": "",
      "options": undefined,
      "parentNode": [Circular],
      "type": "br",
    },
    Object {
      "children": Array [
        Object {
          "children": Array [],
          "content": "Link",
          "options": undefined,
          "parentNode": [Circular],
          "type": "textline",
        },
      ],
      "content": "",
      "options": "http://path.to/some/image.png",
      "parentNode": [Circular],
      "type": "url",
    },
    Object {
      "children": Array [],
      "content": " ",
      "options": undefined,
      "parentNode": [Circular],
      "type": "textline",
    },
    Object {
      "children": Array [
        Object {
          "children": Array [
            Object {
              "children": Array [],
              "content": "https://path.to/some/image.png",
              "options": undefined,
              "parentNode": [Circular],
              "type": "textline",
            },
          ],
          "content": "",
          "options": undefined,
          "parentNode": [Circular],
          "type": "img",
        },
      ],
      "content": "",
      "options": "http://path.to/some/image.png",
      "parentNode": [Circular],
      "type": "url",
    },
    Object {
      "children": Array [],
      "content": " text ",
      "options": undefined,
      "parentNode": [Circular],
      "type": "textline",
    },
    Object {
      "children": Array [
        Object {
          "children": Array [],
          "content": "text in u tag ",
          "options": undefined,
          "parentNode": [Circular],
          "type": "textline",
        },
        Object {
          "children": Array [
            Object {
              "children": Array [],
              "content": "red text",
              "options": undefined,
              "parentNode": [Circular],
              "type": "textline",
            },
          ],
          "content": "",
          "options": "red",
          "parentNode": [Circular],
          "type": "color",
        },
        Object {
          "children": Array [],
          "content": " ",
          "options": undefined,
          "parentNode": [Circular],
          "type": "textline",
        },
        Object {
          "children": Array [
            Object {
              "children": Array [],
              "content": "text in b tag 21",
              "options": undefined,
              "parentNode": [Circular],
              "type": "textline",
            },
          ],
          "content": "",
          "options": undefined,
          "parentNode": [Circular],
          "type": "b",
        },
        Object {
          "children": Array [],
          "content": " ",
          "options": undefined,
          "parentNode": [Circular],
          "type": "textline",
        },
        Object {
          "children": Array [
            Object {
              "children": Array [],
              "content": "text in u tag",
              "options": undefined,
              "parentNode": [Circular],
              "type": "textline",
            },
          ],
          "content": "",
          "options": undefined,
          "parentNode": [Circular],
          "type": "u",
        },
        Object {
          "children": Array [],
          "content": "",
          "options": undefined,
          "parentNode": [Circular],
          "type": "br",
        },
        Object {
          "children": Array [],
          "content": "text in u tag ",
          "options": undefined,
          "parentNode": [Circular],
          "type": "textline",
        },
        Object {
          "children": Array [
            Object {
              "children": Array [],
              "content": "text in b tag",
              "options": undefined,
              "parentNode": [Circular],
              "type": "textline",
            },
          ],
          "content": "",
          "options": undefined,
          "parentNode": [Circular],
          "type": "b",
        },
        Object {
          "children": Array [],
          "content": " ",
          "options": undefined,
          "parentNode": [Circular],
          "type": "textline",
        },
      ],
      "content": "",
      "options": undefined,
      "parentNode": [Circular],
      "type": "U",
    },
    Object {
      "children": Array [],
      "content": " this text contains ",
      "options": undefined,
      "parentNode": [Circular],
      "type": "textline",
    },
    Object {
      "children": Array [
        Object {
          "children": Array [],
          "content": " that is a wrong tags ",
          "options": undefined,
          "parentNode": [Circular],
          "type": "textline",
        },
        Object {
          "children": Array [
            Object {
              "children": Array [],
              "content": "some text[b]with other bbCodes[/b] in code tag",
              "options": undefined,
              "parentNode": [Circular],
              "type": "textline",
            },
          ],
          "content": "",
          "options": "kto",
          "parentNode": [Circular],
          "type": "code",
        },
        Object {
          "children": Array [],
          "content": " text",
          "options": undefined,
          "parentNode": [Circular],
          "type": "textline",
        },
        Object {
          "children": Array [],
          "content": "",
          "options": undefined,
          "parentNode": [Circular],
          "type": "br",
        },
        Object {
          "children": Array [],
          "content": " ",
          "options": undefined,
          "parentNode": [Circular],
          "type": "textline",
        },
        Object {
          "children": Array [
            Object {
              "children": Array [],
              "content": "http://fastpic.ru/big/e.gif",
              "options": undefined,
              "parentNode": [Circular],
              "type": "textline",
            },
            Object {
              "children": Array [],
              "content": "",
              "options": undefined,
              "parentNode": [Circular],
              "type": "br",
            },
            Object {
              "children": Array [],
              "content": "http://fastpic.ru/big/7.gif",
              "options": undefined,
              "parentNode": [Circular],
              "type": "textline",
            },
            Object {
              "children": Array [],
              "content": "",
              "options": undefined,
              "parentNode": [Circular],
              "type": "br",
            },
            Object {
              "children": Array [],
              "content": "http://fastpic.ru/big/c.gif",
              "options": undefined,
              "parentNode": [Circular],
              "type": "textline",
            },
            Object {
              "children": Array [],
              "content": "",
              "options": undefined,
              "parentNode": [Circular],
              "type": "br",
            },
            Object {
              "children": Array [],
              "content": "http://fastpic.ru/big/3.gif",
              "options": undefined,
              "parentNode": [Circular],
              "type": "textline",
            },
          ],
          "content": "",
          "options": undefined,
          "parentNode": [Circular],
          "type": "img",
        },
        Object {
          "children": Array [],
          "content": " ",
          "options": undefined,
          "parentNode": [Circular],
          "type": "textline",
        },
        Object {
          "children": Array [
            Object {
              "children": Array [],
              "content": "http://fastpic.ru/2015/0.png",
              "options": undefined,
              "parentNode": [Circular],
              "type": "textline",
            },
            Object {
              "children": Array [],
              "content": "",
              "options": undefined,
              "parentNode": [Circular],
              "type": "br",
            },
            Object {
              "children": Array [],
              "content": "http://fastpic.ru/2015/0.gif ",
              "options": undefined,
              "parentNode": [Circular],
              "type": "textline",
            },
          ],
          "content": "",
          "options": undefined,
          "parentNode": [Circular],
          "type": "url",
        },
        Object {
          "children": Array [
            Object {
              "children": Array [],
              "content": " quote ",
              "options": undefined,
              "parentNode": [Circular],
              "type": "textline",
            },
            Object {
              "children": Array [
                Object {
                  "children": Array [],
                  "content": " and subQuote ",
                  "options": undefined,
                  "parentNode": [Circular],
                  "type": "textline",
                },
                Object {
                  "children": Array [
                    Object {
                      "children": Array [],
                      "content": "with ",
                      "options": undefined,
                      "parentNode": [Circular],
                      "type": "textline",
                    },
                    Object {
                      "children": Array [
                        Object {
                          "children": Array [],
                          "content": "some",
                          "options": undefined,
                          "parentNode": [Circular],
                          "type": "textline",
                        },
                      ],
                      "content": "",
                      "options": undefined,
                      "parentNode": [Circular],
                      "type": "u",
                    },
                    Object {
                      "children": Array [],
                      "content": "tags",
                      "options": undefined,
                      "parentNode": [Circular],
                      "type": "textline",
                    },
                  ],
                  "content": "",
                  "options": undefined,
                  "parentNode": [Circular],
                  "type": "i",
                },
                Object {
                  "children": Array [],
                  "content": " param",
                  "options": undefined,
                  "parentNode": [Circular],
                  "type": "textline",
                },
              ],
              "content": "",
              "options": "kto",
              "parentNode": [Circular],
              "type": "quote",
            },
            Object {
              "children": Array [],
              "content": " ",
              "options": undefined,
              "parentNode": [Circular],
              "type": "textline",
            },
            Object {
              "children": Array [
                Object {
                  "children": Array [],
                  "content": "some",
                  "options": undefined,
                  "parentNode": [Circular],
                  "type": "textline",
                },
                Object {
                  "children": Array [
                    Object {
                      "children": Array [],
                      "content": "other",
                      "options": undefined,
                      "parentNode": [Circular],
                      "type": "textline",
                    },
                  ],
                  "content": "",
                  "options": undefined,
                  "parentNode": [Circular],
                  "type": "i",
                },
                Object {
                  "children": Array [],
                  "content": "text",
                  "options": undefined,
                  "parentNode": [Circular],
                  "type": "textline",
                },
              ],
              "content": "",
              "options": undefined,
              "parentNode": [Circular],
              "type": "b",
            },
            Object {
              "children": Array [],
              "content": " with tags",
              "options": undefined,
              "parentNode": [Circular],
              "type": "textline",
            },
          ],
          "content": "",
          "options": undefined,
          "parentNode": [Circular],
          "type": "quote",
        },
        Object {
          "children": Array [],
          "content": " ",
          "options": undefined,
          "parentNode": [Circular],
          "type": "textline",
        },
        Object {
          "children": Array [
            Object {
              "children": Array [
                Object {
                  "children": Array [],
                  "content": "http://fastpic.ru/e.gif",
                  "options": undefined,
                  "parentNode": [Circular],
                  "type": "textline",
                },
              ],
              "content": "",
              "options": undefined,
              "parentNode": [Circular],
              "type": "img",
            },
            Object {
              "children": Array [],
              "content": " Link with 2 images as link ",
              "options": undefined,
              "parentNode": [Circular],
              "type": "textline",
            },
            Object {
              "children": Array [
                Object {
                  "children": Array [],
                  "content": "http://fastpic.ru/big/7b40.gif",
                  "options": undefined,
                  "parentNode": [Circular],
                  "type": "textline",
                },
              ],
              "content": "",
              "options": undefined,
              "parentNode": [Circular],
              "type": "img",
            },
          ],
          "content": "",
          "options": "http://fastpic.ru/10/0.png",
          "parentNode": [Circular],
          "type": "url",
        },
      ],
      "content": "",
      "options": undefined,
      "parentNode": [Circular],
      "type": "b",
    },
  ],
  "content": "",
  "options": undefined,
  "parentNode": Object {},
  "type": "root",
}
`;

exports[`BbCodePresenter parser parseTextToNodeTree with wrong message that contained wrong tags should create expected object 1`] = `
Object {
  "children": Array [
    Object {
      "children": Array [
        Object {
          "children": Array [],
          "content": "wrong/url.png",
          "options": undefined,
          "parentNode": [Circular],
          "type": "textline",
        },
      ],
      "content": "",
      "options": undefined,
      "parentNode": [Circular],
      "type": "url",
    },
    Object {
      "children": Array [],
      "content": " text ",
      "options": undefined,
      "parentNode": [Circular],
      "type": "textline",
    },
    Object {
      "children": Array [
        Object {
          "children": Array [],
          "content": "http://correct.url/content.png",
          "options": undefined,
          "parentNode": [Circular],
          "type": "textline",
        },
      ],
      "content": "",
      "options": undefined,
      "parentNode": [Circular],
      "type": "url",
    },
    Object {
      "children": Array [],
      "content": "",
      "options": undefined,
      "parentNode": [Circular],
      "type": "br",
    },
    Object {
      "children": Array [
        Object {
          "children": Array [],
          "content": "https://correct.url/content.png",
          "options": undefined,
          "parentNode": [Circular],
          "type": "textline",
        },
      ],
      "content": "",
      "options": undefined,
      "parentNode": [Circular],
      "type": "url",
    },
    Object {
      "children": Array [],
      "content": "",
      "options": undefined,
      "parentNode": [Circular],
      "type": "br",
    },
    Object {
      "children": Array [
        Object {
          "children": Array [],
          "content": "Link",
          "options": undefined,
          "parentNode": [Circular],
          "type": "textline",
        },
      ],
      "content": "",
      "options": "http://path.to/some/image.png",
      "parentNode": [Circular],
      "type": "url",
    },
    Object {
      "children": Array [],
      "content": " ",
      "options": undefined,
      "parentNode": [Circular],
      "type": "textline",
    },
    Object {
      "children": Array [
        Object {
          "children": Array [
            Object {
              "children": Array [],
              "content": "https://path.to/some/image.png",
              "options": undefined,
              "parentNode": [Circular],
              "type": "textline",
            },
          ],
          "content": "",
          "options": undefined,
          "parentNode": [Circular],
          "type": "img",
        },
      ],
      "content": "",
      "options": "http://path.to/some/image.png",
      "parentNode": [Circular],
      "type": "url",
    },
    Object {
      "children": Array [],
      "content": " text ",
      "options": undefined,
      "parentNode": [Circular],
      "type": "textline",
    },
    Object {
      "children": Array [
        Object {
          "children": Array [],
          "content": "text in u tag ",
          "options": undefined,
          "parentNode": [Circular],
          "type": "textline",
        },
        Object {
          "children": Array [
            Object {
              "children": Array [],
              "content": "red text",
              "options": undefined,
              "parentNode": [Circular],
              "type": "textline",
            },
          ],
          "content": "",
          "options": "red",
          "parentNode": [Circular],
          "type": "color",
        },
        Object {
          "children": Array [],
          "content": " ",
          "options": undefined,
          "parentNode": [Circular],
          "type": "textline",
        },
        Object {
          "children": Array [
            Object {
              "children": Array [],
              "content": "text in b tag 21",
              "options": undefined,
              "parentNode": [Circular],
              "type": "textline",
            },
          ],
          "content": "",
          "options": undefined,
          "parentNode": [Circular],
          "type": "b",
        },
        Object {
          "children": Array [],
          "content": " ",
          "options": undefined,
          "parentNode": [Circular],
          "type": "textline",
        },
        Object {
          "children": Array [
            Object {
              "children": Array [],
              "content": "text in u tag",
              "options": undefined,
              "parentNode": [Circular],
              "type": "textline",
            },
          ],
          "content": "",
          "options": undefined,
          "parentNode": [Circular],
          "type": "u",
        },
        Object {
          "children": Array [],
          "content": "",
          "options": undefined,
          "parentNode": [Circular],
          "type": "br",
        },
        Object {
          "children": Array [],
          "content": "text in u tag ",
          "options": undefined,
          "parentNode": [Circular],
          "type": "textline",
        },
        Object {
          "children": Array [
            Object {
              "children": Array [],
              "content": "text in b tag",
              "options": undefined,
              "parentNode": [Circular],
              "type": "textline",
            },
          ],
          "content": "",
          "options": undefined,
          "parentNode": [Circular],
          "type": "b",
        },
        Object {
          "children": Array [],
          "content": " ",
          "options": undefined,
          "parentNode": [Circular],
          "type": "textline",
        },
      ],
      "content": "",
      "options": undefined,
      "parentNode": [Circular],
      "type": "U",
    },
    Object {
      "children": Array [],
      "content": " this here is wrong [tag] in code tag ",
      "options": undefined,
      "parentNode": [Circular],
      "type": "textline",
    },
    Object {
      "children": Array [
        Object {
          "children": Array [],
          "content": "some text[b]with other bbCodes[/b] in code tag",
          "options": undefined,
          "parentNode": [Circular],
          "type": "textline",
        },
      ],
      "content": "",
      "options": "kto",
      "parentNode": [Circular],
      "type": "code",
    },
    Object {
      "children": Array [],
      "content": " text",
      "options": undefined,
      "parentNode": [Circular],
      "type": "textline",
    },
    Object {
      "children": Array [],
      "content": "",
      "options": undefined,
      "parentNode": [Circular],
      "type": "br",
    },
    Object {
      "children": Array [],
      "content": " ",
      "options": undefined,
      "parentNode": [Circular],
      "type": "textline",
    },
    Object {
      "children": Array [
        Object {
          "children": Array [],
          "content": "http://fastpic.ru/big/e.gif",
          "options": undefined,
          "parentNode": [Circular],
          "type": "textline",
        },
        Object {
          "children": Array [],
          "content": "",
          "options": undefined,
          "parentNode": [Circular],
          "type": "br",
        },
        Object {
          "children": Array [],
          "content": "http://fastpic.ru/big/7.gif",
          "options": undefined,
          "parentNode": [Circular],
          "type": "textline",
        },
        Object {
          "children": Array [],
          "content": "",
          "options": undefined,
          "parentNode": [Circular],
          "type": "br",
        },
        Object {
          "children": Array [],
          "content": "http://fastpic.ru/big/c.gif",
          "options": undefined,
          "parentNode": [Circular],
          "type": "textline",
        },
        Object {
          "children": Array [],
          "content": "",
          "options": undefined,
          "parentNode": [Circular],
          "type": "br",
        },
        Object {
          "children": Array [],
          "content": "http://fastpic.ru/big/3.gif",
          "options": undefined,
          "parentNode": [Circular],
          "type": "textline",
        },
      ],
      "content": "",
      "options": undefined,
      "parentNode": [Circular],
      "type": "img",
    },
    Object {
      "children": Array [],
      "content": " ",
      "options": undefined,
      "parentNode": [Circular],
      "type": "textline",
    },
    Object {
      "children": Array [
        Object {
          "children": Array [],
          "content": "http://fastpic.ru/2015/0.png",
          "options": undefined,
          "parentNode": [Circular],
          "type": "textline",
        },
        Object {
          "children": Array [],
          "content": "",
          "options": undefined,
          "parentNode": [Circular],
          "type": "br",
        },
        Object {
          "children": Array [],
          "content": "http://fastpic.ru/2015/0.gif ",
          "options": undefined,
          "parentNode": [Circular],
          "type": "textline",
        },
      ],
      "content": "",
      "options": undefined,
      "parentNode": [Circular],
      "type": "url",
    },
    Object {
      "children": Array [
        Object {
          "children": Array [],
          "content": " quote ",
          "options": undefined,
          "parentNode": [Circular],
          "type": "textline",
        },
        Object {
          "children": Array [
            Object {
              "children": Array [],
              "content": " and subQuote ",
              "options": undefined,
              "parentNode": [Circular],
              "type": "textline",
            },
            Object {
              "children": Array [
                Object {
                  "children": Array [],
                  "content": "with ",
                  "options": undefined,
                  "parentNode": [Circular],
                  "type": "textline",
                },
                Object {
                  "children": Array [
                    Object {
                      "children": Array [],
                      "content": "some",
                      "options": undefined,
                      "parentNode": [Circular],
                      "type": "textline",
                    },
                  ],
                  "content": "",
                  "options": undefined,
                  "parentNode": [Circular],
                  "type": "u",
                },
                Object {
                  "children": Array [],
                  "content": "tags",
                  "options": undefined,
                  "parentNode": [Circular],
                  "type": "textline",
                },
              ],
              "content": "",
              "options": undefined,
              "parentNode": [Circular],
              "type": "i",
            },
            Object {
              "children": Array [],
              "content": " param",
              "options": undefined,
              "parentNode": [Circular],
              "type": "textline",
            },
          ],
          "content": "",
          "options": "kto",
          "parentNode": [Circular],
          "type": "quote",
        },
        Object {
          "children": Array [],
          "content": " ",
          "options": undefined,
          "parentNode": [Circular],
          "type": "textline",
        },
        Object {
          "children": Array [
            Object {
              "children": Array [],
              "content": "some",
              "options": undefined,
              "parentNode": [Circular],
              "type": "textline",
            },
            Object {
              "children": Array [
                Object {
                  "children": Array [],
                  "content": "other",
                  "options": undefined,
                  "parentNode": [Circular],
                  "type": "textline",
                },
              ],
              "content": "",
              "options": undefined,
              "parentNode": [Circular],
              "type": "i",
            },
            Object {
              "children": Array [],
              "content": "text",
              "options": undefined,
              "parentNode": [Circular],
              "type": "textline",
            },
          ],
          "content": "",
          "options": undefined,
          "parentNode": [Circular],
          "type": "b",
        },
        Object {
          "children": Array [],
          "content": " with tags",
          "options": undefined,
          "parentNode": [Circular],
          "type": "textline",
        },
      ],
      "content": "",
      "options": undefined,
      "parentNode": [Circular],
      "type": "quote",
    },
    Object {
      "children": Array [],
      "content": " ",
      "options": undefined,
      "parentNode": [Circular],
      "type": "textline",
    },
    Object {
      "children": Array [
        Object {
          "children": Array [
            Object {
              "children": Array [],
              "content": "http://fastpic.ru/e.gif",
              "options": undefined,
              "parentNode": [Circular],
              "type": "textline",
            },
          ],
          "content": "",
          "options": undefined,
          "parentNode": [Circular],
          "type": "img",
        },
        Object {
          "children": Array [],
          "content": " Link with 2 images as link ",
          "options": undefined,
          "parentNode": [Circular],
          "type": "textline",
        },
        Object {
          "children": Array [
            Object {
              "children": Array [],
              "content": "http://fastpic.ru/big/7b40.gif",
              "options": undefined,
              "parentNode": [Circular],
              "type": "textline",
            },
          ],
          "content": "",
          "options": undefined,
          "parentNode": [Circular],
          "type": "img",
        },
      ],
      "content": "",
      "options": "http://fastpic.ru/10/0.png",
      "parentNode": [Circular],
      "type": "url",
    },
  ],
  "content": "",
  "options": undefined,
  "parentNode": Object {},
  "type": "root",
}
`;
