// Jest Snapshot v1, https://goo.gl/fbAQLP

exports[`NavigationLinkList HOC match expected snapshot 1`] = `
<NavigationLinkListPure
  className=""
  navigationLinkArray={Array []}
  styles={
    Object {
      "list": "default-NavigationLinkList-list",
      "separator": "default-NavigationLinkList-separator",
    }
  }
/>
`;
