// Jest Snapshot v1, https://goo.gl/fbAQLP

exports[`SubForum HOC component match expected snapshot 1`] = `
<SubForumPure
  styles={
    Object {
      ".default-SubForum-icon > .SVGInline-svg": "default-SubForum-icon > .SVGInline-svg",
      "container": "default-SubForum-container",
      "icon": "default-SubForum-icon",
      "link": "default-SubForum-link",
    }
  }
  subForum={
    Object {
      "id": 51,
      "order": 57,
      "title": "FAQ",
    }
  }
/>
`;
