// Jest Snapshot v1, https://goo.gl/fbAQLP

exports[`Forum HOC component match expected snapshot 1`] = `
<ForumPure
  forum={
    Object {
      "chapterId": 4,
      "description": "Вопросы по созданию моделей, конвертированию в игру и всего что с этим связано.",
      "id": 40,
      "lastTopicInfo": Object {
        "lastActiveTopic": "Exporter Ex Machina for Maya",
        "lastActiveTopicId": 4,
        "latesPostAutorGroupColor": "#00AA00",
        "latesPostAutorId": 4,
        "latesPostAutorName": "Buba",
        "latesPostTimeCreation": 2007-09-06T19:33:09.000Z,
      },
      "order": 4,
      "postsCount": 864,
      "title": "Вопросы по созданию моделей",
      "topicsCount": 4,
    }
  }
  styles={
    Object {
      ".default-Forum-lastTopicInfoWrapper>div": "default-Forum-lastTopicInfoWrapper>div",
      ".default-Forum-mainContainer:last-child": "default-Forum-mainContainer:last-child",
      ".default-Forum-mainContainer:last-child>.default-Forum-separator": "default-Forum-mainContainer:last-child>.default-Forum-separator",
      "bigText": "default-Forum-bigText",
      "center": "default-Forum-center",
      "centerMdUp": "default-Forum-centerMdUp",
      "disableRowOnSmXs": "default-Forum-disableRowOnSmXs",
      "displayInline": "default-Forum-displayInline",
      "lastTopicInfoWrapper": "default-Forum-lastTopicInfoWrapper",
      "mainContainer": "default-Forum-mainContainer",
      "separator": "default-Forum-separator",
      "smallText": "default-Forum-smallText",
      "subForumContainer": "default-Forum-subForumContainer",
      "topicsMessages": "default-Forum-topicsMessages",
    }
  }
/>
`;
