// Jest Snapshot v1, https://goo.gl/fbAQLP

exports[`OffTopic HOC component with correct message should match expected snapshot 1`] = `
<OffTopicPure
  styles={
    Object {
      "content": "default-OffTopic-content",
      "header": "default-OffTopic-header",
    }
  }
>
  test
</OffTopicPure>
`;
