// Jest Snapshot v1, https://goo.gl/fbAQLP

exports[`Footer HOC component match expected snapshot 1`] = `
<FooterPure
  socialMediaLinkArray={Array []}
  styles={
    Object {
      ".default-Footer-socialMediaLinkIcon > .SVGInline-svg": "default-Footer-socialMediaLinkIcon > .SVGInline-svg",
      "copyright": "default-Footer-copyright",
      "footer": "default-Footer-footer",
      "socialMediaLinkIcon": "default-Footer-socialMediaLinkIcon",
      "socialMediaLinkIconContainer": "default-Footer-socialMediaLinkIconContainer",
    }
  }
/>
`;
