// Jest Snapshot v1, https://goo.gl/fbAQLP

exports[`Footer HOC component match expected snapshot 1`] = `
<FooterPure
  socialMediaLinkArray={Array []}
  styles={
    Object {
      ".socialMediaLinkIcon-0-296 > .SVGInline-svg": "socialMediaLinkIcon-0-296 > .SVGInline-svg",
      "copyright": "copyright-0-294",
      "footer": "footer-0-297",
      "socialMediaLinkIcon": "socialMediaLinkIcon-0-296",
      "socialMediaLinkIconContainer": "socialMediaLinkIconContainer-0-295",
    }
  }
/>
`;
