// Jest Snapshot v1, https://goo.gl/fbAQLP

exports[`Footer HOC component match expected snapshot 1`] = `
<FooterPure
  socialMediaLinkArray={Array []}
  styles={
    Object {
      ".socialMediaLinkIcon-0-298 > .SVGInline-svg": ".socialMediaLinkIcon-0-298 > .SVGInline-svg-0-300",
      "copyright": "copyright-0-296",
      "footer": "footer-0-299",
      "socialMediaLinkIcon": "socialMediaLinkIcon-0-298",
      "socialMediaLinkIconContainer": "socialMediaLinkIconContainer-0-297",
    }
  }
/>
`;
