// Jest Snapshot v1, https://goo.gl/fbAQLP

exports[`SocialMediaLink match expected snapshot 1`] = `
<SocialMediaLinkPure
  className=""
  socialMediaLinkItem={
    Object {
      "href": "http://steamcommunity.com/groups/Ex_Machina",
      "id": 1,
      "order": 1,
      "svgImageName": "Steam",
      "title": "Steam - Ex Machina Community",
    }
  }
  styles={
    Object {
      ".default-SocialMediaLink-focus:focus": "default-SocialMediaLink-focus:focus",
      "focus": "default-SocialMediaLink-focus",
    }
  }
/>
`;
